******************************************************************************
            TI ARM Clang Linker PC v5.1.1                      
******************************************************************************
>> Linked Wed Jul 29 20:34:11 2026

OUTPUT FILE NAME:   <NUEDC2026_mspm0.out>
ENTRY POINT SYMBOL: "_c_int00_noargs"  address: 00001e95


MEMORY CONFIGURATION

         name            origin    length      used     unused   attr    fill
----------------------  --------  ---------  --------  --------  ----  --------
  FLASH                 00000000   00020000  00002058  0001dfa8  R  X
  SRAM                  20200000   00008000  000007de  00007822  RW X
  BCR_CONFIG            41c00000   000000ff  00000000  000000ff  R   
  BSL_CONFIG            41c00100   00000080  00000000  00000080  R   


SEGMENT ALLOCATION MAP

run origin  load origin   length   init length attrs members
----------  ----------- ---------- ----------- ----- -------
00000000    00000000    00002058   00002058    r-x
  00000000    00000000    000000c0   000000c0    r-- .intvecs
  000000c0    000000c0    00001f28   00001f28    r-x .text
  00001fe8    00001fe8    00000040   00000040    r-- .rodata
  00002028    00002028    00000030   00000030    r-- .cinit
20200000    20200000    000005de   00000000    rw-
  20200000    20200000    000005dc   00000000    rw- .bss
  202005dc    202005dc    00000002   00000000    rw- .data
20207e00    20207e00    00000200   00000000    rw-
  20207e00    20207e00    00000200   00000000    rw- .stack


SECTION ALLOCATION MAP

 output                                  attributes/
section   page    origin      length       input sections
--------  ----  ----------  ----------   ----------------
.intvecs   0    00000000    000000c0     
                  00000000    000000c0     startup_mspm0g350x_ticlang.o (.intvecs)

.text      0    000000c0    00001f28     
                  000000c0    00000cb8     oled.o (.text.OLED_Init)
                  00000d78    000002a8     ti_msp_dl_config.o (.text.SYSCFG_DL_SYSCTL_SYSPLL_init)
                  00001020    00000254     oled.o (.text.OLED_Refresh)
                  00001274    000001c4     oled.o (.text.OLED_DisplayTurn)
                  00001438    00000104     driverlib.a : dl_timer.o (.text.DL_Timer_initFourCCPWMMode)
                  0000153c    000000fc     oled.o (.text.OLED_ColorTurn)
                  00001638    000000dc     driverlib.a : dl_sysctl_mspm0g1x0x_g3x0x.o (.text.DL_SYSCTL_configSYSPLL)
                  00001714    000000cc     ti_msp_dl_config.o (.text.SYSCFG_DL_GPIO_init)
                  000017e0    000000b0     ti_msp_dl_config.o (.text.SYSCFG_DL_SYSCTL_init)
                  00001890    0000009a     libc.a : memcpy16.S.obj (.text:memcpy)
                  0000192a    00000002     startup_mspm0g350x_ticlang.o (.text.Default_Handler)
                  0000192c    0000007c     motor.o (.text.SetSpeed)
                  000019a8    0000007c     libc.a : copy_decompress_lzss.c.obj (.text:decompress:lzss)
                  00001a24    00000070     ti_msp_dl_config.o (.text.SYSCFG_DL_PWMA_init)
                  00001a94    00000068     ti_msp_dl_config.o (.text.SYSCFG_DL_PWMB_init)
                  00001afc    00000064     driverlib.a : dl_sysctl_mspm0g1x0x_g3x0x.o (.text.DL_SYSCTL_setHFCLKSourceHFXTParams)
                  00001b60    00000062     libc.a : memset16.S.obj (.text:memset)
                  00001bc2    00000002     libclang_rt.builtins.a : aeabi_div0.c.obj (.text.__aeabi_idiv0)
                  00001bc4    00000060     ti_msp_dl_config.o (.text.SYSCFG_DL_OLED_init)
                  00001c24    00000060     main.o (.text.main)
                  00001c84    0000005e     driverlib.a : dl_i2c.o (.text.DL_I2C_fillControllerTXFIFO)
                  00001ce2    00000002     --HOLE-- [fill = 0]
                  00001ce4    00000048     ti_msp_dl_config.o (.text.SYSCFG_DL_initPower)
                  00001d2c    00000044     driverlib.a : dl_sysctl_mspm0g1x0x_g3x0x.o (.text.DL_SYSCTL_switchMCLKfromSYSOSCtoHSCLK)
                  00001d70    00000044     motor.o (.text.MotorInit)
                  00001db4    00000040     libclang_rt.builtins.a : aeabi_uidivmod.S.obj (.text)
                  00001df4    0000003c     libc.a : autoinit.c.obj (.text:__TI_auto_init_nobinit_nopinit)
                  00001e30    00000034     ti_msp_dl_config.o (.text.SYSCFG_DL_init)
                  00001e64    00000030     key.o (.text.Key_IsPressed)
                  00001e94    00000028     libc.a : boot_cortex_m.c.obj (.text:_c_int00_noargs)
                  00001ebc    00000026     driverlib.a : dl_i2c.o (.text.DL_I2C_setClockConfig)
                  00001ee2    00000002     --HOLE-- [fill = 0]
                  00001ee4    0000001c                 : dl_sysctl_mspm0g1x0x_g3x0x.o (.text.DL_SYSCTL_configFCC)
                  00001f00    0000001c                 : dl_timer.o (.text.DL_Timer_setCaptCompUpdateMethod)
                  00001f1c    0000001c                 : dl_timer.o (.text.DL_Timer_setClockConfig)
                  00001f38    0000001a     libclang_rt.builtins.a : aeabi_memset.S.obj (.text)
                  00001f52    00000002     --HOLE-- [fill = 0]
                  00001f54    00000018     driverlib.a : dl_timer.o (.text.DL_Timer_setCaptureCompareOutCtl)
                  00001f6c    00000012     libc.a : copy_decompress_none.c.obj (.text:decompress:none)
                  00001f7e    00000002     --HOLE-- [fill = 0]
                  00001f80    00000010     driverlib.a : dl_timer.o (.text.DL_Timer_setCaptureCompareValue)
                  00001f90    00000010     motor.o (.text.UserDelay)
                  00001fa0    00000010     libc.a : copy_zero_init.c.obj (.text:decompress:ZI)
                  00001fb0    0000000c     key.o (.text.Key_Init)
                  00001fbc    0000000a     driverlib.a : dl_common.o (.text.DL_Common_delayCycles)
                  00001fc6    00000002     --HOLE-- [fill = 0]
                  00001fc8    00000008     libclang_rt.builtins.a : aeabi_memcpy.S.obj (.text)
                  00001fd0    00000006     libc.a : exit.c.obj (.text:abort)
                  00001fd6    00000004     libsysbm.a : hostexit.c.obj (.text.HOSTexit)
                  00001fda    00000004     startup_mspm0g350x_ticlang.o (.text.Reset_Handler)
                  00001fde    00000004     libc.a : pre_init.c.obj (.text._system_pre_init)
                  00001fe2    00000006     --HOLE-- [fill = 0]

.cinit     0    00002028    00000030     
                  00002028    0000000c     (__TI_handler_table)
                  00002034    00000008     (.cinit..bss.load) [load image, compression = zero_init]
                  0000203c    00000006     (.cinit..data.load) [load image, compression = lzss]
                  00002042    00000002     --HOLE-- [fill = 0]
                  00002044    00000010     (__TI_cinit_table)
                  00002054    00000004     --HOLE-- [fill = 0]

.rodata    0    00001fe8    00000040     
                  00001fe8    00000028     ti_msp_dl_config.o (.rodata.gSYSPLLConfig)
                  00002010    00000008     ti_msp_dl_config.o (.rodata.gPWMAConfig)
                  00002018    00000008     ti_msp_dl_config.o (.rodata.gPWMBConfig)
                  00002020    00000003     ti_msp_dl_config.o (.rodata.gPWMAClockConfig)
                  00002023    00000003     ti_msp_dl_config.o (.rodata.gPWMBClockConfig)
                  00002026    00000002     ti_msp_dl_config.o (.rodata.gOLEDClockConfig)

.init_array 
*          0    00000000    00000000     UNINITIALIZED

.binit     0    00000000    00000000     

.bss       0    20200000    000005dc     UNINITIALIZED
                  20200000    00000480     (.common:OLED_GRAM)
                  20200480    000000bc     (.common:gPWMBBackup)
                  2020053c    000000a0     (.common:gPWMABackup)

.data      0    202005dc    00000002     UNINITIALIZED
                  202005dc    00000001     main.o (.data.current_state)
                  202005dd    00000001     key.o (.data.g_key_int_occurred)

.stack     0    20207e00    00000200     UNINITIALIZED
                  20207e00    00000004     libc.a : boot_cortex_m.c.obj (.stack)
                  20207e04    000001fc     --HOLE--

__llvm_prf_cnts 
*          0    20200000    00000000     UNINITIALIZED

__llvm_prf_bits 
*          0    20200000    00000000     UNINITIALIZED

MODULE SUMMARY

       Module                         code   ro data   rw data
       ------                         ----   -------   -------
    .\
       oled.o                         4556   0         1152   
       ti_msp_dl_config.o             1496   64        348    
       motor.o                        208    0         0      
       startup_mspm0g350x_ticlang.o   6      192       0      
       main.o                         96     0         1      
       key.o                          60     0         1      
    +--+------------------------------+------+---------+---------+
       Total:                         6422   256       1502   
                                                              
    D:/ti/ccs2100/mspm0_sdk_2_11_00_07/source/ti/driverlib/lib/ticlang/m0p/mspm0g1x0x_g3x0x/driverlib.a
       dl_sysctl_mspm0g1x0x_g3x0x.o   416    0         0      
       dl_timer.o                     356    0         0      
       dl_i2c.o                       132    0         0      
       dl_common.o                    10     0         0      
    +--+------------------------------+------+---------+---------+
       Total:                         914    0         0      
                                                              
    D:\ti\ccs2100\ccs\tools\compiler\ti-cgt-armllvm_5.1.1.LTS\lib\armv6m-ti-none-eabi/c/libc.a
       memcpy16.S.obj                 154    0         0      
       copy_decompress_lzss.c.obj     124    0         0      
       memset16.S.obj                 98     0         0      
       autoinit.c.obj                 60     0         0      
       boot_cortex_m.c.obj            40     0         0      
       copy_decompress_none.c.obj     18     0         0      
       copy_zero_init.c.obj           16     0         0      
       exit.c.obj                     6      0         0      
       pre_init.c.obj                 4      0         0      
    +--+------------------------------+------+---------+---------+
       Total:                         520    0         0      
                                                              
    D:\ti\ccs2100\ccs\tools\compiler\ti-cgt-armllvm_5.1.1.LTS\lib\armv6m-ti-none-eabi/c/libsysbm.a
       hostexit.c.obj                 4      0         0      
    +--+------------------------------+------+---------+---------+
       Total:                         4      0         0      
                                                              
    D:\ti\ccs2100\ccs\tools\compiler\ti-cgt-armllvm_5.1.1.LTS\lib\armv6m-ti-none-eabi/libclang_rt.builtins.a
       aeabi_uidivmod.S.obj           64     0         0      
       aeabi_memset.S.obj             26     0         0      
       aeabi_memcpy.S.obj             8      0         0      
       aeabi_div0.c.obj               2      0         0      
    +--+------------------------------+------+---------+---------+
       Total:                         100    0         0      
                                                              
       Stack:                         0      0         512    
       Linker Generated:              0      42        0      
    +--+------------------------------+------+---------+---------+
       Grand Total:                   7960   298       2014   


LINKER GENERATED COPY TABLES

__TI_cinit_table @ 00002044 records: 2, size/record: 8, table size: 16
	.bss: load addr=00002034, load size=00000008 bytes, run addr=20200000, run size=000005dc bytes, compression=zero_init
	.data: load addr=0000203c, load size=00000006 bytes, run addr=202005dc, run size=00000002 bytes, compression=lzss


LINKER GENERATED HANDLER TABLE

__TI_handler_table @ 00002028 records: 3, size/record: 4, table size: 12
	index: 0, handler: __TI_decompress_lzss
	index: 1, handler: __TI_decompress_none
	index: 2, handler: __TI_zero_init


GLOBAL SYMBOLS: SORTED ALPHABETICALLY BY Name 

address   name                                 
-------   ----                                 
0000192b  ADC0_IRQHandler                      
0000192b  ADC1_IRQHandler                      
0000192b  AES_IRQHandler                       
00001fd6  C$$EXIT                              
0000192b  CANFD0_IRQHandler                    
0000192b  DAC0_IRQHandler                      
00001fbd  DL_Common_delayCycles                
00001c85  DL_I2C_fillControllerTXFIFO          
00001ebd  DL_I2C_setClockConfig                
00001ee5  DL_SYSCTL_configFCC                  
00001639  DL_SYSCTL_configSYSPLL               
00001afd  DL_SYSCTL_setHFCLKSourceHFXTParams   
00001d2d  DL_SYSCTL_switchMCLKfromSYSOSCtoHSCLK
00001439  DL_Timer_initFourCCPWMMode           
00001f01  DL_Timer_setCaptCompUpdateMethod     
00001f55  DL_Timer_setCaptureCompareOutCtl     
00001f81  DL_Timer_setCaptureCompareValue      
00001f1d  DL_Timer_setClockConfig              
0000192b  DMA_IRQHandler                       
0000192b  Default_Handler                      
0000192b  GROUP0_IRQHandler                    
0000192b  GROUP1_IRQHandler                    
00001fd7  HOSTexit                             
0000192b  HardFault_Handler                    
0000192b  I2C0_IRQHandler                      
0000192b  I2C1_IRQHandler                      
00001fb1  Key_Init                             
00001e65  Key_IsPressed                        
00001d71  MotorInit                            
0000192b  NMI_Handler                          
0000153d  OLED_ColorTurn                       
00001275  OLED_DisplayTurn                     
20200000  OLED_GRAM                            
000000c1  OLED_Init                            
00001021  OLED_Refresh                         
0000192b  PendSV_Handler                       
0000192b  RTC_IRQHandler                       
00001fdb  Reset_Handler                        
0000192b  SPI0_IRQHandler                      
0000192b  SPI1_IRQHandler                      
0000192b  SVC_Handler                          
00001715  SYSCFG_DL_GPIO_init                  
00001bc5  SYSCFG_DL_OLED_init                  
00001a25  SYSCFG_DL_PWMA_init                  
00001a95  SYSCFG_DL_PWMB_init                  
00000d79  SYSCFG_DL_SYSCTL_SYSPLL_init         
000017e1  SYSCFG_DL_SYSCTL_init                
00001e31  SYSCFG_DL_init                       
00001ce5  SYSCFG_DL_initPower                  
0000192d  SetSpeed                             
0000192b  SysTick_Handler                      
0000192b  TIMA0_IRQHandler                     
0000192b  TIMA1_IRQHandler                     
0000192b  TIMG0_IRQHandler                     
0000192b  TIMG12_IRQHandler                    
0000192b  TIMG6_IRQHandler                     
0000192b  TIMG7_IRQHandler                     
0000192b  TIMG8_IRQHandler                     
0000192b  UART0_IRQHandler                     
0000192b  UART1_IRQHandler                     
0000192b  UART2_IRQHandler                     
0000192b  UART3_IRQHandler                     
00001f91  UserDelay                            
20208000  __STACK_END                          
00000200  __STACK_SIZE                         
00000000  __TI_ATRegion0_region_sz             
00000000  __TI_ATRegion0_src_addr              
00000000  __TI_ATRegion0_trg_addr              
00000000  __TI_ATRegion1_region_sz             
00000000  __TI_ATRegion1_src_addr              
00000000  __TI_ATRegion1_trg_addr              
00000000  __TI_ATRegion2_region_sz             
00000000  __TI_ATRegion2_src_addr              
00000000  __TI_ATRegion2_trg_addr              
00002044  __TI_CINIT_Base                      
00002054  __TI_CINIT_Limit                     
00002054  __TI_CINIT_Warm                      
00002028  __TI_Handler_Table_Base              
00002034  __TI_Handler_Table_Limit             
00001df5  __TI_auto_init_nobinit_nopinit       
000019a9  __TI_decompress_lzss                 
00001f6d  __TI_decompress_none                 
ffffffff  __TI_pprof_out_hndl                  
ffffffff  __TI_prof_data_size                  
ffffffff  __TI_prof_data_start                 
00000000  __TI_static_base__                   
00001fa1  __TI_zero_init                       
00001bc3  __aeabi_idiv0                        
00001f47  __aeabi_memclr                       
00001f47  __aeabi_memclr4                      
00001f47  __aeabi_memclr8                      
00001fc9  __aeabi_memcpy                       
00001fc9  __aeabi_memcpy4                      
00001fc9  __aeabi_memcpy8                      
00001f39  __aeabi_memset                       
00001f39  __aeabi_memset4                      
00001f39  __aeabi_memset8                      
00001db5  __aeabi_uidiv                        
00001db5  __aeabi_uidivmod                     
ffffffff  __binit__                            
UNDEFED   __mpu_init                           
20207e00  __stack                              
20200000  __start___llvm_prf_bits              
20200000  __start___llvm_prf_cnts              
20200000  __stop___llvm_prf_bits               
20200000  __stop___llvm_prf_cnts               
00001e95  _c_int00_noargs                      
UNDEFED   _system_post_cinit                   
00001fdf  _system_pre_init                     
00001fd1  abort                                
ffffffff  binit                                
2020053c  gPWMABackup                          
20200480  gPWMBBackup                          
00000000  interruptVectors                     
00001c25  main                                 
00001891  memcpy                               
00001b61  memset                               


GLOBAL SYMBOLS: SORTED BY Symbol Address 

address   name                                 
-------   ----                                 
00000000  __TI_ATRegion0_region_sz             
00000000  __TI_ATRegion0_src_addr              
00000000  __TI_ATRegion0_trg_addr              
00000000  __TI_ATRegion1_region_sz             
00000000  __TI_ATRegion1_src_addr              
00000000  __TI_ATRegion1_trg_addr              
00000000  __TI_ATRegion2_region_sz             
00000000  __TI_ATRegion2_src_addr              
00000000  __TI_ATRegion2_trg_addr              
00000000  __TI_static_base__                   
00000000  interruptVectors                     
000000c1  OLED_Init                            
00000200  __STACK_SIZE                         
00000d79  SYSCFG_DL_SYSCTL_SYSPLL_init         
00001021  OLED_Refresh                         
00001275  OLED_DisplayTurn                     
00001439  DL_Timer_initFourCCPWMMode           
0000153d  OLED_ColorTurn                       
00001639  DL_SYSCTL_configSYSPLL               
00001715  SYSCFG_DL_GPIO_init                  
000017e1  SYSCFG_DL_SYSCTL_init                
00001891  memcpy                               
0000192b  ADC0_IRQHandler                      
0000192b  ADC1_IRQHandler                      
0000192b  AES_IRQHandler                       
0000192b  CANFD0_IRQHandler                    
0000192b  DAC0_IRQHandler                      
0000192b  DMA_IRQHandler                       
0000192b  Default_Handler                      
0000192b  GROUP0_IRQHandler                    
0000192b  GROUP1_IRQHandler                    
0000192b  HardFault_Handler                    
0000192b  I2C0_IRQHandler                      
0000192b  I2C1_IRQHandler                      
0000192b  NMI_Handler                          
0000192b  PendSV_Handler                       
0000192b  RTC_IRQHandler                       
0000192b  SPI0_IRQHandler                      
0000192b  SPI1_IRQHandler                      
0000192b  SVC_Handler                          
0000192b  SysTick_Handler                      
0000192b  TIMA0_IRQHandler                     
0000192b  TIMA1_IRQHandler                     
0000192b  TIMG0_IRQHandler                     
0000192b  TIMG12_IRQHandler                    
0000192b  TIMG6_IRQHandler                     
0000192b  TIMG7_IRQHandler                     
0000192b  TIMG8_IRQHandler                     
0000192b  UART0_IRQHandler                     
0000192b  UART1_IRQHandler                     
0000192b  UART2_IRQHandler                     
0000192b  UART3_IRQHandler                     
0000192d  SetSpeed                             
000019a9  __TI_decompress_lzss                 
00001a25  SYSCFG_DL_PWMA_init                  
00001a95  SYSCFG_DL_PWMB_init                  
00001afd  DL_SYSCTL_setHFCLKSourceHFXTParams   
00001b61  memset                               
00001bc3  __aeabi_idiv0                        
00001bc5  SYSCFG_DL_OLED_init                  
00001c25  main                                 
00001c85  DL_I2C_fillControllerTXFIFO          
00001ce5  SYSCFG_DL_initPower                  
00001d2d  DL_SYSCTL_switchMCLKfromSYSOSCtoHSCLK
00001d71  MotorInit                            
00001db5  __aeabi_uidiv                        
00001db5  __aeabi_uidivmod                     
00001df5  __TI_auto_init_nobinit_nopinit       
00001e31  SYSCFG_DL_init                       
00001e65  Key_IsPressed                        
00001e95  _c_int00_noargs                      
00001ebd  DL_I2C_setClockConfig                
00001ee5  DL_SYSCTL_configFCC                  
00001f01  DL_Timer_setCaptCompUpdateMethod     
00001f1d  DL_Timer_setClockConfig              
00001f39  __aeabi_memset                       
00001f39  __aeabi_memset4                      
00001f39  __aeabi_memset8                      
00001f47  __aeabi_memclr                       
00001f47  __aeabi_memclr4                      
00001f47  __aeabi_memclr8                      
00001f55  DL_Timer_setCaptureCompareOutCtl     
00001f6d  __TI_decompress_none                 
00001f81  DL_Timer_setCaptureCompareValue      
00001f91  UserDelay                            
00001fa1  __TI_zero_init                       
00001fb1  Key_Init                             
00001fbd  DL_Common_delayCycles                
00001fc9  __aeabi_memcpy                       
00001fc9  __aeabi_memcpy4                      
00001fc9  __aeabi_memcpy8                      
00001fd1  abort                                
00001fd6  C$$EXIT                              
00001fd7  HOSTexit                             
00001fdb  Reset_Handler                        
00001fdf  _system_pre_init                     
00002028  __TI_Handler_Table_Base              
00002034  __TI_Handler_Table_Limit             
00002044  __TI_CINIT_Base                      
00002054  __TI_CINIT_Limit                     
00002054  __TI_CINIT_Warm                      
20200000  OLED_GRAM                            
20200000  __start___llvm_prf_bits              
20200000  __start___llvm_prf_cnts              
20200000  __stop___llvm_prf_bits               
20200000  __stop___llvm_prf_cnts               
20200480  gPWMBBackup                          
2020053c  gPWMABackup                          
20207e00  __stack                              
20208000  __STACK_END                          
ffffffff  __TI_pprof_out_hndl                  
ffffffff  __TI_prof_data_size                  
ffffffff  __TI_prof_data_start                 
ffffffff  __binit__                            
ffffffff  binit                                
UNDEFED   __mpu_init                           
UNDEFED   _system_post_cinit                   

[117 symbols]
